2025-05-04 13:55:00 | INFO | repo=HandBrake | action=pull
2025-01-01 07:06:00 | INFO | repo=HandBrake | action=commit
2024-06-27 13:27:00 | INFO | repo=HandBrake | action=commit
2024-11-01 17:20:00 | DEBUG | repo=HandBrake | action=commit
2025-03-06 13:35:00 | DEBUG | repo=HandBrake | action=commit
2024-05-04 21:22:00 | INFO | repo=HandBrake | action=test | passed=true
2024-04-07 13:21:00 | INFO | repo=HandBrake | action=test | passed=true
2024-09-01 20:33:00 | INFO | repo=HandBrake | action=commit
2025-09-23 19:21:00 | INFO | repo=HandBrake | action=edit | files=4
2024-01-05 16:21:00 | INFO | repo=HandBrake | action=test | passed=true
2025-09-20 10:44:00 | WARN | repo=HandBrake | action=edit | files=4
2025-11-28 16:36:00 | DEBUG | repo=HandBrake | action=commit
2024-06-12 20:42:00 | DEBUG | repo=HandBrake | action=commit
2024-03-21 21:26:00 | INFO | repo=HandBrake | action=commit
2025-11-23 12:50:00 | DEBUG | repo=HandBrake | action=pull
2024-12-08 10:01:00 | INFO | repo=HandBrake | action=commit
2025-06-06 07:28:00 | WARN | repo=HandBrake | action=commit
2025-09-17 19:55:00 | WARN | repo=HandBrake | action=commit
2024-01-07 19:21:00 | WARN | repo=HandBrake | action=commit
2024-07-08 21:48:00 | INFO | repo=HandBrake | action=commit
2024-09-20 18:39:00 | DEBUG | repo=HandBrake | action=commit
2025-06-10 11:59:00 | DEBUG | repo=HandBrake | action=edit | files=4
2025-06-28 14:25:00 | INFO | repo=HandBrake | action=test | passed=true
2025-11-27 14:33:00 | INFO | repo=HandBrake | action=commit
2025-03-08 10:10:00 | INFO | repo=HandBrake | action=commit
2025-09-09 09:14:00 | WARN | repo=HandBrake | action=commit
2025-03-11 20:46:00 | INFO | repo=HandBrake | action=commit
2025-08-27 14:29:00 | DEBUG | repo=HandBrake | action=commit
2025-02-18 13:37:00 | INFO | repo=HandBrake | action=commit
